com\cognizant\mapper\PaymentMapper.class
com\cognizant\reposistory\UserReposistory.class
com\cognizant\mapper\CustomerMapper.class
com\cognizant\reposistory\PaymentReposistory.class
com\cognizant\serviceImplementation\UserServiceImplementation.class
com\cognizant\entities\Customer.class
com\cognizant\dto\AddUserDto.class
com\cognizant\dto\PaymentDto.class
com\cognizant\controller\UserControl.class
com\cognizant\entities\Users.class
com\cognizant\service\UserService.class
com\cognizant\controller\CustomerControl.class
com\cognizant\utility\GlobalExceptionHandler.class
com\cognizant\dto\SeatBookingDto.class
com\cognizant\exception\UserNotFoundException.class
com\cognizant\response\ResponseHandler.class
com\cognizant\serviceImplementation\CustomerServiceImplementation.class
com\cognizant\dto\DisplayDataDto.class
com\cognizant\exception\InvalidPasswordException.class
com\cognizant\controller\PaymentControl.class
com\cognizant\main\ManagementApplication.class
com\cognizant\dto\CustomerDto.class
com\cognizant\reposistory\CustomerReposistory.class
com\cognizant\utility\JwtUtil.class
com\cognizant\dto\DriverDto.class
com\cognizant\utility\WebConfig.class
com\cognizant\entities\Payment.class
com\cognizant\utility\Generator.class
com\cognizant\dto\UserDto.class
com\cognizant\service\CustomerService.class
com\cognizant\service\DriverProxy.class
com\cognizant\logger\UserAccessAspect.class
com\cognizant\service\PaymentService.class
com\cognizant\serviceImplementation\PaymentServiceImplementation.class
