C:\Users\2317197\Project\Customer\src\main\java\com\cognizant\controller\CustomerControl.java
C:\Users\2317197\Project\Customer\src\main\java\com\cognizant\controller\PaymentControl.java
C:\Users\2317197\Project\Customer\src\main\java\com\cognizant\controller\UserControl.java
C:\Users\2317197\Project\Customer\src\main\java\com\cognizant\dto\AddUserDto.java
C:\Users\2317197\Project\Customer\src\main\java\com\cognizant\dto\CustomerDto.java
C:\Users\2317197\Project\Customer\src\main\java\com\cognizant\dto\DisplayDataDto.java
C:\Users\2317197\Project\Customer\src\main\java\com\cognizant\dto\DriverDto.java
C:\Users\2317197\Project\Customer\src\main\java\com\cognizant\dto\PaymentDto.java
C:\Users\2317197\Project\Customer\src\main\java\com\cognizant\dto\SeatBookingDto.java
C:\Users\2317197\Project\Customer\src\main\java\com\cognizant\dto\UserDto.java
C:\Users\2317197\Project\Customer\src\main\java\com\cognizant\entities\Customer.java
C:\Users\2317197\Project\Customer\src\main\java\com\cognizant\entities\Payment.java
C:\Users\2317197\Project\Customer\src\main\java\com\cognizant\entities\Users.java
C:\Users\2317197\Project\Customer\src\main\java\com\cognizant\exception\InvalidPasswordException.java
C:\Users\2317197\Project\Customer\src\main\java\com\cognizant\exception\UserNotFoundException.java
C:\Users\2317197\Project\Customer\src\main\java\com\cognizant\logger\UserAccessAspect.java
C:\Users\2317197\Project\Customer\src\main\java\com\cognizant\main\ManagementApplication.java
C:\Users\2317197\Project\Customer\src\main\java\com\cognizant\mapper\CustomerMapper.java
C:\Users\2317197\Project\Customer\src\main\java\com\cognizant\mapper\PaymentMapper.java
C:\Users\2317197\Project\Customer\src\main\java\com\cognizant\reposistory\CustomerReposistory.java
C:\Users\2317197\Project\Customer\src\main\java\com\cognizant\reposistory\PaymentReposistory.java
C:\Users\2317197\Project\Customer\src\main\java\com\cognizant\reposistory\UserReposistory.java
C:\Users\2317197\Project\Customer\src\main\java\com\cognizant\response\ResponseHandler.java
C:\Users\2317197\Project\Customer\src\main\java\com\cognizant\service\CustomerService.java
C:\Users\2317197\Project\Customer\src\main\java\com\cognizant\service\DriverProxy.java
C:\Users\2317197\Project\Customer\src\main\java\com\cognizant\service\PaymentService.java
C:\Users\2317197\Project\Customer\src\main\java\com\cognizant\service\UserService.java
C:\Users\2317197\Project\Customer\src\main\java\com\cognizant\serviceImplementation\CustomerServiceImplementation.java
C:\Users\2317197\Project\Customer\src\main\java\com\cognizant\serviceImplementation\PaymentServiceImplementation.java
C:\Users\2317197\Project\Customer\src\main\java\com\cognizant\serviceImplementation\UserServiceImplementation.java
C:\Users\2317197\Project\Customer\src\main\java\com\cognizant\utility\Generator.java
C:\Users\2317197\Project\Customer\src\main\java\com\cognizant\utility\GlobalExceptionHandler.java
C:\Users\2317197\Project\Customer\src\main\java\com\cognizant\utility\JwtUtil.java
C:\Users\2317197\Project\Customer\src\main\java\com\cognizant\utility\WebConfig.java
